
Number of lexical errors: 0

1: ID ASSIGN ID ';'
2: ID ASSIGN ID MULOP INT MULOP ID MULOP ID MULOP ID SIGN INT SIGN INT ';'
3: ID ASSIGN INT ';'
4: ID ASSIGN INT MULOP INT SIGN ID SIGN NOT ID MULOP NOT INT MULOP NOT INT ';'
5: INT SIGN INT SIGN ID SIGN ID MULOP INT SIGN INT ';'
6: SIGN INT SIGN INT SIGN INT ';'
7: SIGN INT SIGN ID RELOP INT MULOP INT ';'
8: ID ASSIGN ID RELOP INT SIGN INT SIGN ID ';'
9: INT RELOP INT ';'
10: INT RELOP INT ';'
11: INT RELOP INT ';'
12: ID SIGN INT SIGN INT MULOP INT RELOP INT MULOP INT MULOP INT SIGN INT ';'
