Hi, I am boolean: true
Hi boolean, I am number: 42