
Number of lexical errors: 1
  #1: line 1:17 token recognition error at: '_'

1: INT ID ',' INT ID ',' ID
