Please dont forget to evaluate this course!
New evaluation for course 716077
This course was so cool, I want to do it again next year!
New evaluation for course 716077
jk. Im glad its over...