
Number of lexical errors: 0

Number of syntax errors: 0

Number of type errors: 38
  #1: Invalid operand of type 'String' to binary operator '&&' (line 13)
  #2: Invalid operand of type 'String' to binary operator '&&' (line 13)
  #3: Invalid operand of type 'String' to binary operator '||' (line 14)
  #4: Invalid operand of type 'String' to binary operator '||' (line 14)
  #5: Invalid operand of type 'String' to binary operator '*' (line 16)
  #6: Invalid operand of type 'String' to binary operator '*' (line 16)
  #7: Invalid operand of type 'String' to binary operator '/' (line 17)
  #8: Invalid operand of type 'String' to binary operator '/' (line 17)
  #9: Invalid operand of type 'String' to binary operator '%' (line 18)
  #10: Invalid operand of type 'String' to binary operator '%' (line 18)
  #11: Invalid operand of type 'String' to binary operator '+' (line 19)
  #12: Invalid operand of type 'String' to binary operator '+' (line 19)
  #13: Invalid operand of type 'String' to binary operator '-' (line 20)
  #14: Invalid operand of type 'String' to binary operator '-' (line 20)
  #15: Invalid operand of type 'String' to binary operator '<' (line 22)
  #16: Invalid operand of type 'String' to binary operator '<' (line 22)
  #17: Invalid operand of type 'String' to binary operator '>' (line 23)
  #18: Invalid operand of type 'String' to binary operator '>' (line 23)
  #19: Invalid operand of type 'String' to binary operator '<=' (line 24)
  #20: Invalid operand of type 'String' to binary operator '<=' (line 24)
  #21: Invalid operand of type 'String' to binary operator '>=' (line 25)
  #22: Invalid operand of type 'String' to binary operator '>=' (line 25)
  #23: Invalid operand of type 'Obj' to binary operator '==' (line 27)
  #24: Invalid operand of type 'Obj' to binary operator '==' (line 27)
  #25: Invalid operand of type 'Obj' to binary operator '!=' (line 28)
  #26: Invalid operand of type 'Obj' to binary operator '!=' (line 28)
  #27: Invalid operand of type 'int' to binary operator '==' (line 29)
  #28: Invalid operand of type 'Obj' to binary operator '==' (line 29)
  #29: Invalid operand of type 'int' to binary operator '!=' (line 30)
  #30: Invalid operand of type 'Obj' to binary operator '!=' (line 30)
  #31: Invalid operand of type 'int' to binary operator '==' (line 31)
  #32: Invalid operand of type 'nix' to binary operator '==' (line 31)
  #33: Invalid operand of type 'bool' to binary operator '!=' (line 32)
  #34: Invalid operand of type 'nix' to binary operator '!=' (line 32)
  #35: Invalid operand of type 'nix' to binary operator '==' (line 33)
  #36: Invalid operand of type 'nix' to binary operator '==' (line 33)
  #37: Invalid operand of type 'nix' to binary operator '!=' (line 34)
  #38: Invalid operand of type 'nix' to binary operator '!=' (line 34)
